// Jest Snapshot v1, https://goo.gl/fbAQLP

exports[`IngestEndpointRevisionManager fetches ingest endpoint 1`] = `
Object {
  "data": Object {
    "getIngestEndpointRevision": Object {
      "id": "5edf4c48e9615d9a1c66bacc",
      "name": "test ingest endpoint revision",
    },
  },
  "errors": undefined,
  "extensions": undefined,
  "http": Object {
    "headers": Headers {
      Symbol(map): Object {},
    },
  },
}
`;
