// Jest Snapshot v1, https://goo.gl/fbAQLP

exports[`IngestEndpointManager fetches ingest endpoint 1`] = `
Object {
  "data": Object {
    "getIngestEndpoint": Object {
      "id": "5edf4c48e9615d9a1c66babb",
      "name": "test ingest endpoint",
    },
  },
  "errors": undefined,
  "extensions": undefined,
  "http": Object {
    "headers": Headers {
      Symbol(map): Object {},
    },
  },
}
`;
