// Jest Snapshot v1, https://goo.gl/fbAQLP

exports[`ActionGroupDistributionManager fetches a single action group distribution 1`] = `
Object {
  "data": Object {
    "getActionGroupDistribution": Object {
      "id": "5edf4c48e9615d9a1c66cbdd",
      "name": "test action group distribution",
    },
  },
  "errors": undefined,
  "extensions": undefined,
  "http": Object {
    "headers": Headers {
      Symbol(map): Object {},
    },
  },
}
`;
