// Jest Snapshot v1, https://goo.gl/fbAQLP

exports[`ActionGroupManager fetches a single action group 1`] = `
Object {
  "data": Object {
    "getActionGroup": Object {
      "id": "5edf4c48e9615d9a1c66cbcc",
      "name": "test action group",
    },
  },
  "errors": undefined,
  "extensions": undefined,
  "http": Object {
    "headers": Headers {
      Symbol(map): Object {},
    },
  },
}
`;
