// Jest Snapshot v1, https://goo.gl/fbAQLP

exports[`ConditionRuleManager fetches a single condition 1`] = `
Object {
  "data": Object {
    "getConditionRule": Object {
      "id": "5edf4c48e9615d9a1c66cacc",
      "name": "test condition",
    },
  },
  "errors": undefined,
  "extensions": undefined,
  "http": Object {
    "headers": Headers {
      Symbol(map): Object {},
    },
  },
}
`;
