// Jest Snapshot v1, https://goo.gl/fbAQLP

exports[`PlatformRevisionManager fetches a single platform revision 1`] = `
Object {
  "data": Object {
    "getPlatformRevision": Object {
      "id": "5edf4c48e9615d9a1c66cbbb",
      "name": "test platform revision",
    },
  },
  "errors": undefined,
  "extensions": undefined,
  "http": Object {
    "headers": Headers {
      Symbol(map): Object {},
    },
  },
}
`;
