// Jest Snapshot v1, https://goo.gl/fbAQLP

exports[`TagManager fetches a single tag 1`] = `
Object {
  "data": Object {
    "getTag": Object {
      "id": "5edf4c48e9615d9a1c66bbdd",
      "name": "test tag",
    },
  },
  "errors": undefined,
  "extensions": undefined,
  "http": Object {
    "headers": Headers {
      Symbol(map): Object {},
    },
  },
}
`;
